C51 COMPILER V9.60.7.0   MAIN                                                              11/22/2025 00:46:37 PAGE 1   


C51 COMPILER V9.60.7.0, COMPILATION OF MODULE MAIN
OBJECT MODULE PLACED IN .\Objects\main.obj
COMPILER INVOKED BY: E:\KeilC51\C51\BIN\C51.EXE main.c OPTIMIZE(8,SPEED) BROWSE DEBUG OBJECTEXTEND PRINT(.\Listings\main
                    -.lst) OBJECT(.\Objects\main.obj)

line level    source

   1          #include "reg52.h"
   2          #include "intrins.h"
   3          
   4          typedef unsigned int u16;
   5          typedef unsigned char u8;
   6          
   7          #define GPIO_MULDAT P0
   8          #define GPIO_LED P2
   9          
  10          sbit SHLD = P1^6;
  11          sbit CLK_INH = P3^6;
  12          sbit QH = P1^7;
  13          
  14          //共阴数码管
  15          u8 nsmg_code[17] = {0x3f,0x06,0x5b,0x4f,0x66,0x6d,0x7d,0x07,0x7f,0x6f,0x77,0x7c,0x39,0x5e,0x79,0x71};
  16          //共阳数码管
  17          u8 psmg_code[17] = {0xC0,0xF9,0xA4,0xB0,0X99,0x92,0x82,0xF8,0x80,0x90,0x88,0x83,0xC6,0xA1,0x86,0x8E,0xFF};
  18          
  19          
  20          void delay_10us(u16 ten_us)
  21          {
  22   1              while(ten_us--);
  23   1      }
  24          
  25          void delay_ms(u16 ms)
  26          {
  27   1              u16 i,j;
  28   1              for(i=ms;i>0;i--)
  29   1                      for(j=110;j>0;j--);
  30   1      }
  31          
  32          // 串转并
  33          u8 Hc165_Read_Byte()
  34          {
  35   1              u8 OutData = 0x00;
  36   1              u8 i = 0;
  37   1              
  38   1              //初始化
  39   1              CLK_INH = 1;
  40   1              SHLD = 1;
  41   1              
  42   1              //写入并行数据
  43   1              GPIO_MULDAT = 0x4f;
  44   1              SHLD = 0;
  45   1              delay_10us(1);
  46   1              SHLD = 1;
  47   1              delay_10us(1);
  48   1              
  49   1              //串行输出
  50   1              for(i=0;i<8;i++)
  51   1              {
  52   2                      
  53   2                      CLK_INH=0;
  54   2                      delay_10us(1);
C51 COMPILER V9.60.7.0   MAIN                                                              11/22/2025 00:46:37 PAGE 2   

  55   2                      
  56   2                      CLK_INH=1;
  57   2                      
  58   2                      OutData |= QH;
  59   2                      OutData = OutData<<1;
  60   2              }
  61   1              OutData = GPIO_MULDAT;
  62   1              return OutData;
  63   1      
  64   1      }
  65          
  66          void sin2mul()
  67          {
  68   1              u8 dat;
  69   1              
  70   1              dat = Hc165_Read_Byte();
  71   1              while(1)
  72   1              {
  73   2                      GPIO_LED = psmg_code[(dat & 0xf0)>>4];
  74   2                      delay_ms(1000);
  75   2                      GPIO_LED = psmg_code[dat & 0x0f];
  76   2                      delay_ms(1000);
  77   2              }
  78   1      }
  79          
  80          void main()
  81          {
  82   1              sin2mul();
  83   1      }


MODULE INFORMATION:   STATIC OVERLAYABLE
   CODE SIZE        =    131    ----
   CONSTANT SIZE    =   ----    ----
   XDATA SIZE       =   ----    ----
   PDATA SIZE       =   ----    ----
   DATA SIZE        =     34    ----
   IDATA SIZE       =   ----    ----
   BIT SIZE         =   ----    ----
END OF MODULE INFORMATION.


C51 COMPILATION COMPLETE.  0 WARNING(S),  0 ERROR(S)
