BL51 BANKED LINKER/LOCATER V6.22.4.0                                                    11/22/2025  00:46:37  PAGE 1


BL51 BANKED LINKER/LOCATER V6.22.4.0, INVOKED BY:
E:\KEILC51\C51\BIN\BL51.EXE .\Objects\main.obj TO .\Objects\Template_C51 PRINT (.\Listings\Template_C51.m51) RAMSIZE (25
>> 6)


MEMORY MODEL: SMALL


INPUT MODULES INCLUDED:
  .\Objects\main.obj (MAIN)
  E:\KEILC51\C51\LIB\C51S.LIB (?C_STARTUP)
  E:\KEILC51\C51\LIB\C51S.LIB (?C_INIT)


LINK MAP OF MODULE:  .\Objects\Template_C51 (MAIN)


            TYPE    BASE      LENGTH    RELOCATION   SEGMENT NAME
            -----------------------------------------------------

            * * * * * * *   D A T A   M E M O R Y   * * * * * * *
            REG     0000H     0008H     ABSOLUTE     "REG BANK 0"
            DATA    0008H     0022H     UNIT         ?DT?MAIN
            IDATA   002AH     0001H     UNIT         ?STACK

            * * * * * * *   C O D E   M E M O R Y   * * * * * * *
            CODE    0000H     0003H     ABSOLUTE     
            CODE    0003H     008CH     UNIT         ?C_C51STARTUP
            CODE    008FH     0039H     UNIT         ?PR?HC165_READ_BYTE?MAIN
            CODE    00C8H     002AH     UNIT         ?PR?_DELAY_MS?MAIN
            CODE    00F2H     0027H     UNIT         ?C_INITSEG
            CODE    0119H     0012H     UNIT         ?PR?SIN2MUL?MAIN
            CODE    012BH     000BH     UNIT         ?PR?_DELAY_10US?MAIN
            CODE    0136H     0003H     UNIT         ?PR?MAIN?MAIN



OVERLAY MAP OF MODULE:   .\Objects\Template_C51 (MAIN)


SEGMENT
  +--> CALLED SEGMENT
---------------------
?C_C51STARTUP
  +--> ?PR?MAIN?MAIN
  +--> ?C_INITSEG

?PR?MAIN?MAIN
  +--> ?PR?SIN2MUL?MAIN

?PR?SIN2MUL?MAIN
  +--> ?PR?HC165_READ_BYTE?MAIN
  +--> ?PR?_DELAY_MS?MAIN

?PR?HC165_READ_BYTE?MAIN
  +--> ?PR?_DELAY_10US?MAIN


BL51 BANKED LINKER/LOCATER V6.22.4.0                                                  11/22/2025  00:46:37  PAGE 2



SYMBOL TABLE OF MODULE:  .\Objects\Template_C51 (MAIN)

  VALUE           TYPE          NAME
  ----------------------------------

  -------         MODULE        MAIN
  C:0000H         SYMBOL        _ICE_DUMMY_
  D:0080H         PUBLIC        P0
  D:0090H         PUBLIC        P1
  D:00A0H         PUBLIC        P2
  D:00B0H         PUBLIC        P3
  D:00A8H         PUBLIC        IE
  B:0090H.7       PUBLIC        QH
  D:00B8H         PUBLIC        IP
  B:00B0H.6       PUBLIC        CLK_INH
  C:008FH         PUBLIC        Hc165_Read_Byte
  C:0136H         PUBLIC        main
  B:0090H.6       PUBLIC        SHLD
  D:0098H         PUBLIC        SCON
  D:0008H         PUBLIC        nsmg_code
  D:0088H         PUBLIC        TCON
  D:0019H         PUBLIC        psmg_code
  C:012BH         PUBLIC        _delay_10us
  C:0119H         PUBLIC        sin2mul
  C:00D4H         PUBLIC        _delay_ms
  D:00C8H         PUBLIC        T2CON
  D:00D0H         PUBLIC        PSW
  -------         PROC          _DELAY_10US
  D:0006H         SYMBOL        ten_us
  C:012BH         LINE#         20
  C:012BH         LINE#         21
  C:012BH         LINE#         22
  C:0135H         LINE#         23
  -------         ENDPROC       _DELAY_10US
  -------         PROC          L?0022
  -------         ENDPROC       L?0022
  -------         PROC          _DELAY_MS
  D:0006H         SYMBOL        ms
  -------         DO            
  D:0006H         SYMBOL        i
  D:0004H         SYMBOL        j
  -------         ENDDO         
  C:00D4H         LINE#         25
  C:00D4H         LINE#         26
  C:00D4H         LINE#         28
  C:00DDH         LINE#         29
  C:00F1H         LINE#         30
  -------         ENDPROC       _DELAY_MS
  -------         PROC          HC165_READ_BYTE
  -------         DO            
  D:0005H         SYMBOL        OutData
  D:0003H         SYMBOL        i
  -------         ENDDO         
  C:008FH         LINE#         33
  C:008FH         LINE#         34
  C:008FH         LINE#         35
BL51 BANKED LINKER/LOCATER V6.22.4.0                                                  11/22/2025  00:46:37  PAGE 3


  C:0091H         LINE#         36
  C:0092H         LINE#         39
  C:0094H         LINE#         40
  C:0096H         LINE#         43
  C:0099H         LINE#         44
  C:009BH         LINE#         45
  C:00A1H         LINE#         46
  C:00A3H         LINE#         47
  C:00AAH         LINE#         50
  C:00AAH         LINE#         51
  C:00AAH         LINE#         53
  C:00ACH         LINE#         54
  C:00B3H         LINE#         56
  C:00B5H         LINE#         58
  C:00BBH         LINE#         59
  C:00BFH         LINE#         60
  C:00C3H         LINE#         61
  C:00C5H         LINE#         62
  C:00C7H         LINE#         64
  -------         ENDPROC       HC165_READ_BYTE
  -------         PROC          SIN2MUL
  -------         DO            
  D:0003H         SYMBOL        dat
  -------         ENDDO         
  C:0119H         LINE#         66
  C:0119H         LINE#         67
  C:0119H         LINE#         70
  C:011EH         LINE#         71
  C:011EH         LINE#         72
  C:011EH         LINE#         73
  C:0122H         LINE#         74
  C:0125H         LINE#         75
  C:0126H         LINE#         76
  C:0129H         LINE#         77
  -------         ENDPROC       SIN2MUL
  -------         PROC          MAIN
  C:0136H         LINE#         80
  C:0136H         LINE#         81
  C:0136H         LINE#         82
  -------         ENDPROC       MAIN
  -------         ENDMOD        MAIN

Program Size: data=43.0 xdata=0 code=313
LINK/LOCATE RUN COMPLETE.  0 WARNING(S),  0 ERROR(S)
