C51 COMPILER V9.60.7.0   MAIN                                                              11/23/2025 15:07:23 PAGE 1   


C51 COMPILER V9.60.7.0, COMPILATION OF MODULE MAIN
OBJECT MODULE PLACED IN .\Objects\main.obj
COMPILER INVOKED BY: E:\KeilC51\C51\BIN\C51.EXE main.c OPTIMIZE(8,SPEED) BROWSE DEBUG OBJECTEXTEND PRINT(.\Listings\main
                    -.lst) OBJECT(.\Objects\main.obj)

line level    source

   1          #include "reg52.h"
   2          #include "intrins.h"
   3          
   4          typedef unsigned int u16;
   5          typedef unsigned char u8;
   6          
   7          sbit LED1 = P2^0;
   8          sbit KEY = P3^2;
   9          
  10          void delay_10us(u16 ten_us)
  11          {
  12   1              while(ten_us--);
  13   1      }
  14          
  15          void delay_ms(u16 ms)
  16          {
  17   1              u16 i,j;
  18   1              for(i=ms;i>0;i--)
  19   1                      for(j=110;j>0;j--);
  20   1      }
  21          
  22          void exit0_init()
  23          {
  24   1              EA = 1;
  25   1              IT0 = 1;
  26   1              EX0 = 1;
  27   1      }
  28          
  29          void exit0() interrupt 0
  30          {
  31   1              delay_10us(1000);
  32   1              if(KEY == 0)
  33   1              {
  34   2                      LED1=~LED1;
  35   2              }
  36   1      }
  37          
  38          void main()
  39          {
  40   1              exit0_init();
  41   1              
  42   1              while(1)
  43   1              {
  44   2              }
  45   1      }


MODULE INFORMATION:   STATIC OVERLAYABLE
   CODE SIZE        =     89    ----
   CONSTANT SIZE    =   ----    ----
   XDATA SIZE       =   ----    ----
   PDATA SIZE       =   ----    ----
   DATA SIZE        =   ----    ----
   IDATA SIZE       =   ----    ----
C51 COMPILER V9.60.7.0   MAIN                                                              11/23/2025 15:07:23 PAGE 2   

   BIT SIZE         =   ----    ----
END OF MODULE INFORMATION.


C51 COMPILATION COMPLETE.  0 WARNING(S),  0 ERROR(S)
