BL51 BANKED LINKER/LOCATER V6.22.4.0                                                    11/23/2025  15:07:23  PAGE 1


BL51 BANKED LINKER/LOCATER V6.22.4.0, INVOKED BY:
E:\KEILC51\C51\BIN\BL51.EXE .\Objects\main.obj TO .\Objects\Template_C51 PRINT (.\Listings\Template_C51.m51) RAMSIZE (25
>> 6)


MEMORY MODEL: SMALL


INPUT MODULES INCLUDED:
  .\Objects\main.obj (MAIN)
  E:\KEILC51\C51\LIB\C51S.LIB (?C_STARTUP)


LINK MAP OF MODULE:  .\Objects\Template_C51 (MAIN)


            TYPE    BASE      LENGTH    RELOCATION   SEGMENT NAME
            -----------------------------------------------------

            * * * * * * *   D A T A   M E M O R Y   * * * * * * *
            REG     0000H     0008H     ABSOLUTE     "REG BANK 0"
            IDATA   0008H     0001H     UNIT         ?STACK

            * * * * * * *   C O D E   M E M O R Y   * * * * * * *
            CODE    0000H     0003H     ABSOLUTE     
            CODE    0003H     0003H     ABSOLUTE     
            CODE    0006H     0024H     UNIT         ?PR?EXIT0?MAIN
            CODE    002AH     001EH     UNIT         ?PR?_DELAY_MS?MAIN
            CODE    0048H     000CH     UNIT         ?C_C51STARTUP
            CODE    0054H     000BH     UNIT         ?PR?_DELAY_10US?MAIN
            CODE    005FH     0007H     UNIT         ?PR?EXIT0_INIT?MAIN
            CODE    0066H     0005H     UNIT         ?PR?MAIN?MAIN



OVERLAY MAP OF MODULE:   .\Objects\Template_C51 (MAIN)


SEGMENT
  +--> CALLED SEGMENT
---------------------
?PR?EXIT0?MAIN
  +--> ?PR?_DELAY_10US?MAIN

*** NEW ROOT ***************************************************

?C_C51STARTUP
  +--> ?PR?MAIN?MAIN

?PR?MAIN?MAIN
  +--> ?PR?EXIT0_INIT?MAIN



SYMBOL TABLE OF MODULE:  .\Objects\Template_C51 (MAIN)

  VALUE           TYPE          NAME
  ----------------------------------
BL51 BANKED LINKER/LOCATER V6.22.4.0                                                  11/23/2025  15:07:23  PAGE 2



  -------         MODULE        MAIN
  C:0000H         SYMBOL        _ICE_DUMMY_
  D:0090H         PUBLIC        P1
  D:00A0H         PUBLIC        P2
  D:00B0H         PUBLIC        P3
  C:005FH         PUBLIC        exit0_init
  B:00A8H.7       PUBLIC        EA
  B:00A0H.0       PUBLIC        LED1
  D:00A8H         PUBLIC        IE
  D:00B8H         PUBLIC        IP
  C:0066H         PUBLIC        main
  D:0098H         PUBLIC        SCON
  D:0088H         PUBLIC        TCON
  C:0054H         PUBLIC        _delay_10us
  B:00A8H.0       PUBLIC        EX0
  B:0088H.0       PUBLIC        IT0
  C:002AH         PUBLIC        _delay_ms
  D:00C8H         PUBLIC        T2CON
  B:00B0H.2       PUBLIC        KEY
  C:0006H         PUBLIC        exit0
  D:00D0H         PUBLIC        PSW
  -------         PROC          _DELAY_10US
  D:0006H         SYMBOL        ten_us
  C:0054H         LINE#         10
  C:0054H         LINE#         11
  C:0054H         LINE#         12
  C:005EH         LINE#         13
  -------         ENDPROC       _DELAY_10US
  -------         PROC          _DELAY_MS
  D:0006H         SYMBOL        ms
  -------         DO            
  D:0006H         SYMBOL        i
  D:0004H         SYMBOL        j
  -------         ENDDO         
  C:002AH         LINE#         15
  C:002AH         LINE#         16
  C:002AH         LINE#         18
  C:0033H         LINE#         19
  C:0047H         LINE#         20
  -------         ENDPROC       _DELAY_MS
  -------         PROC          EXIT0_INIT
  C:005FH         LINE#         22
  C:005FH         LINE#         23
  C:005FH         LINE#         24
  C:0061H         LINE#         25
  C:0063H         LINE#         26
  C:0065H         LINE#         27
  -------         ENDPROC       EXIT0_INIT
  -------         PROC          EXIT0
  C:0006H         LINE#         29
  C:0013H         LINE#         31
  C:001AH         LINE#         32
  C:001DH         LINE#         33
  C:001DH         LINE#         34
  C:001FH         LINE#         35
  C:001FH         LINE#         36
BL51 BANKED LINKER/LOCATER V6.22.4.0                                                  11/23/2025  15:07:23  PAGE 3


  -------         ENDPROC       EXIT0
  -------         PROC          MAIN
  C:0066H         LINE#         38
  C:0066H         LINE#         39
  C:0066H         LINE#         40
  C:0069H         LINE#         42
  C:0069H         LINE#         43
  C:0069H         LINE#         44
  -------         ENDPROC       MAIN
  -------         ENDMOD        MAIN

*** WARNING L16: UNCALLED SEGMENT, IGNORED FOR OVERLAY PROCESS
    SEGMENT: ?PR?_DELAY_MS?MAIN

Program Size: data=9.0 xdata=0 code=107
LINK/LOCATE RUN COMPLETE.  1 WARNING(S),  0 ERROR(S)
