C51 COMPILER V9.60.7.0   MAIN                                                              11/20/2025 23:08:54 PAGE 1   


C51 COMPILER V9.60.7.0, COMPILATION OF MODULE MAIN
OBJECT MODULE PLACED IN .\Objects\main.obj
COMPILER INVOKED BY: E:\KeilC51\C51\BIN\C51.EXE main.c OPTIMIZE(8,SPEED) BROWSE DEBUG OBJECTEXTEND PRINT(.\Listings\main
                    -.lst) OBJECT(.\Objects\main.obj)

line level    source

   1          #include "reg52.h"
   2          #include "stdio.h"
   3          
   4          typedef unsigned int u16;
   5          typedef unsigned char u8;
   6          
   7          #define SMG_PORT P0
   8          
   9          sbit LSA = P1^0;
  10          sbit LSB = P1^1;
  11          sbit LSC = P1^2;
  12          
  13          //共阴数码管
  14          u8 nsmg_code[17] = {0x3f,0x06,0x5b,0x4f,0x66,0x6d,0x7d,0x07,0x7f,0x6f,0x77,0x7c,0x39,0x5e,0x79,0x71};
  15          //共阳数码管
  16          u8 psmg_code[17] = {0xC0,0xF9,0xA4,0xB0,0X99,0x92,0x82,0xF8,0x80,0x90,0x88,0x83,0xC6,0xA1,0x86,0x8E,0xFF};
  17          
  18          void delay_10us(u16 time)
  19          {
  20   1              while(time--);
  21   1      }
  22          
  23          void show_one_number()
  24          {
  25   1              u8 i;
  26   1              while(1)
  27   1              {
  28   2                      for (i=0;i<17;i++)
  29   2                      {
  30   3                              SMG_PORT = nsmg_code[i];
  31   3                              delay_10us(5e4);
  32   3                      }
  33   2              }
  34   1      }
  35          
  36          void show_eight_number()
  37          {
  38   1              u8 i;
  39   1              
  40   1              while(1)
  41   1              {
  42   2                      for(i=0;i<8;i++)
  43   2                      {
  44   3                              switch(7-i)
  45   3                              {
  46   4                                      case 0: LSC=1;LSB=1;LSA=1;break;
  47   4                                      case 1: LSC=1;LSB=1;LSA=0;break;
  48   4                                      case 2: LSC=1;LSB=0;LSA=1;break;
  49   4                                      case 3: LSC=1;LSB=0;LSA=0;break;
  50   4                                      case 4: LSC=0;LSB=1;LSA=1;break;
  51   4                                      case 5: LSC=0;LSB=1;LSA=0;break;
  52   4                                      case 6: LSC=0;LSB=0;LSA=1;break;
  53   4                                      case 7: LSC=0;LSB=0;LSA=0;break;
  54   4                              }
C51 COMPILER V9.60.7.0   MAIN                                                              11/20/2025 23:08:54 PAGE 2   

  55   3                              
  56   3                              SMG_PORT = nsmg_code[i];
  57   3                              delay_10us(200); //best delay time to show number meanwhile
  58   3                      }
  59   2              }
  60   1      }
  61          
  62          void main()
  63          {       
  64   1      //      show_one_number();
  65   1              show_eight_number();
  66   1      }


MODULE INFORMATION:   STATIC OVERLAYABLE
   CODE SIZE        =    146    ----
   CONSTANT SIZE    =   ----    ----
   XDATA SIZE       =   ----    ----
   PDATA SIZE       =   ----    ----
   DATA SIZE        =     34    ----
   IDATA SIZE       =   ----    ----
   BIT SIZE         =   ----    ----
END OF MODULE INFORMATION.


C51 COMPILATION COMPLETE.  0 WARNING(S),  0 ERROR(S)
