C51 COMPILER V9.01   TIMER0                                                                02/25/2022 14:57:55 PAGE 1   


C51 COMPILER V9.01, COMPILATION OF MODULE TIMER0
OBJECT MODULE PLACED IN Timer0.OBJ
COMPILER INVOKED BY: E:\Keil\C51\BIN\C51.EXE Timer0.c BROWSE DEBUG OBJECTEXTEND

line level    source

   1          #include "reg52.h"
   2          
   3          //计时器0中断设定
   4          void T0_set(bit T0)//T0==1开始工作，T0==0停止工作
   5          {
   6   1              //计时模式；方式1
   7   1              TMOD |= 0X01;
   8   1              //初值设定
   9   1              TH0 = 0XF2;
  10   1              TL0 = 0X54;
  11   1      
  12   1              TR0 = T0;
  13   1              ET0 = 1;
  14   1              EA = 1;
  15   1      }


MODULE INFORMATION:   STATIC OVERLAYABLE
   CODE SIZE        =     18    ----
   CONSTANT SIZE    =   ----    ----
   XDATA SIZE       =   ----    ----
   PDATA SIZE       =   ----    ----
   DATA SIZE        =   ----    ----
   IDATA SIZE       =   ----    ----
   BIT SIZE         =   ----       1
END OF MODULE INFORMATION.


C51 COMPILATION COMPLETE.  0 WARNING(S),  0 ERROR(S)
