BL51 BANKED LINKER/LOCATER V6.22.4.0                                                    08/15/2025  01:42:06  PAGE 1


BL51 BANKED LINKER/LOCATER V6.22.4.0, INVOKED BY:
E:\KEILC51\C51\BIN\BL51.EXE .\Objects\main.obj TO .\Objects\Template_C51 PRINT (.\Listings\Template_C51.m51) RAMSIZE (25
>> 6)


MEMORY MODEL: SMALL


INPUT MODULES INCLUDED:
  .\Objects\main.obj (MAIN)
  E:\KEILC51\C51\LIB\C51S.LIB (?C_STARTUP)
  E:\KEILC51\C51\LIB\C51S.LIB (?C_INIT)


LINK MAP OF MODULE:  .\Objects\Template_C51 (MAIN)


            TYPE    BASE      LENGTH    RELOCATION   SEGMENT NAME
            -----------------------------------------------------

            * * * * * * *   D A T A   M E M O R Y   * * * * * * *
            REG     0000H     0008H     ABSOLUTE     "REG BANK 0"
            DATA    0008H     0015H     UNIT         ?DT?MAIN
            IDATA   001DH     0001H     UNIT         ?STACK

            * * * * * * *   C O D E   M E M O R Y   * * * * * * *
            CODE    0000H     0003H     ABSOLUTE     
            CODE    0003H     008CH     UNIT         ?C_C51STARTUP
            CODE    008FH     007EH     UNIT         ?PR?SINGLE_BUTTON_SCAN?MAIN
            CODE    010DH     0076H     UNIT         ?PR?MATRIX_BUTTON_SCAN?MAIN
            CODE    0183H     001CH     UNIT         ?C_INITSEG
            CODE    019FH     000FH     UNIT         ?PR?SINGLE_BUTTON_DETECT?MAIN
            CODE    01AEH     000FH     UNIT         ?PR?MATRIX_BUTTON_DETECT?MAIN
            CODE    01BDH     000BH     UNIT         ?PR?_DELAY_10US?MAIN
            CODE    01C8H     0003H     UNIT         ?PR?MAIN?MAIN



OVERLAY MAP OF MODULE:   .\Objects\Template_C51 (MAIN)


SEGMENT
  +--> CALLED SEGMENT
---------------------
?C_C51STARTUP
  +--> ?PR?MAIN?MAIN
  +--> ?C_INITSEG

?PR?MAIN?MAIN
  +--> ?PR?MATRIX_BUTTON_DETECT?MAIN

?PR?MATRIX_BUTTON_DETECT?MAIN
  +--> ?PR?MATRIX_BUTTON_SCAN?MAIN

?PR?MATRIX_BUTTON_SCAN?MAIN
  +--> ?PR?_DELAY_10US?MAIN


BL51 BANKED LINKER/LOCATER V6.22.4.0                                                  08/15/2025  01:42:06  PAGE 2



SYMBOL TABLE OF MODULE:  .\Objects\Template_C51 (MAIN)

  VALUE           TYPE          NAME
  ----------------------------------

  -------         MODULE        MAIN
  C:0000H         SYMBOL        _ICE_DUMMY_
  D:0080H         PUBLIC        P0
  D:0090H         PUBLIC        P1
  D:00A0H         PUBLIC        P2
  D:00B0H         PUBLIC        P3
  D:00A8H         PUBLIC        IE
  C:008FH         PUBLIC        single_button_scan
  D:00B8H         PUBLIC        IP
  C:010DH         PUBLIC        matrix_button_scan
  C:01C8H         PUBLIC        main
  D:0098H         PUBLIC        SCON
  D:0088H         PUBLIC        TCON
  D:000CH         PUBLIC        psmg_code
  C:01BDH         PUBLIC        _delay_10us
  C:019FH         PUBLIC        single_button_detect
  D:00C8H         PUBLIC        T2CON
  C:01AEH         PUBLIC        matrix_button_detect
  D:00D0H         PUBLIC        PSW
  -------         PROC          _DELAY_10US
  D:0006H         SYMBOL        time
  C:01BDH         LINE#         10
  C:01BDH         LINE#         11
  C:01BDH         LINE#         12
  C:01C7H         LINE#         13
  -------         ENDPROC       _DELAY_10US
  -------         PROC          SINGLE_BUTTON_SCAN
  -------         DO            
  D:0008H         SYMBOL        single_key_value
  -------         ENDDO         
  C:008FH         LINE#         15
  C:008FH         LINE#         16
  C:008FH         LINE#         18
  C:0094H         LINE#         19
  C:0097H         LINE#         21
  C:009CH         LINE#         22
  C:009CH         LINE#         23
  C:00A3H         LINE#         24
  C:00A8H         LINE#         25
  C:00A8H         LINE#         26
  C:00CAH         LINE#         27
  C:00CAH         LINE#         28
  C:00D2H         LINE#         29
  C:00DAH         LINE#         30
  C:00E2H         LINE#         31
  C:00EAH         LINE#         32
  C:00F2H         LINE#         33
  C:00FAH         LINE#         34
  C:0102H         LINE#         35
  C:0108H         LINE#         36
  C:0108H         LINE#         37
BL51 BANKED LINKER/LOCATER V6.22.4.0                                                  08/15/2025  01:42:06  PAGE 3


  C:0108H         LINE#         38
  C:0108H         LINE#         40
  C:010CH         LINE#         42
  -------         ENDPROC       SINGLE_BUTTON_SCAN
  -------         PROC          SINGLE_BUTTON_DETECT
  -------         DO            
  D:0007H         SYMBOL        key
  -------         ENDDO         
  C:019FH         LINE#         44
  C:019FH         LINE#         45
  C:019FH         LINE#         47
  C:01A2H         LINE#         48
  C:01A2H         LINE#         49
  C:01A2H         LINE#         50
  C:01A5H         LINE#         51
  C:01ACH         LINE#         52
  -------         ENDPROC       SINGLE_BUTTON_DETECT
  -------         PROC          MATRIX_BUTTON_SCAN
  -------         DO            
  D:000AH         SYMBOL        key_value
  D:0007H         SYMBOL        temp_1
  D:0006H         SYMBOL        temp_2
  -------         ENDDO         
  C:010DH         LINE#         55
  C:010DH         LINE#         56
  C:010DH         LINE#         60
  C:0110H         LINE#         61
  C:0116H         LINE#         62
  C:0116H         LINE#         63
  C:011DH         LINE#         64
  C:0123H         LINE#         65
  C:0123H         LINE#         66
  C:0125H         LINE#         67
  C:0128H         LINE#         68
  C:012AH         LINE#         70
  C:013AH         LINE#         71
  C:013AH         LINE#         72
  C:0142H         LINE#         73
  C:014AH         LINE#         74
  C:0152H         LINE#         75
  C:0158H         LINE#         76
  C:0158H         LINE#         77
  C:0169H         LINE#         78
  C:0169H         LINE#         79
  C:016BH         LINE#         80
  C:016FH         LINE#         81
  C:0173H         LINE#         82
  C:017EH         LINE#         83
  C:017EH         LINE#         84
  C:017EH         LINE#         85
  C:017EH         LINE#         88
  C:0182H         LINE#         89
  -------         ENDPROC       MATRIX_BUTTON_SCAN
  -------         PROC          MATRIX_BUTTON_DETECT
  -------         DO            
  D:0007H         SYMBOL        key
  -------         ENDDO         
BL51 BANKED LINKER/LOCATER V6.22.4.0                                                  08/15/2025  01:42:06  PAGE 4


  C:01AEH         LINE#         91
  C:01AEH         LINE#         92
  C:01AEH         LINE#         94
  C:01B1H         LINE#         95
  C:01B1H         LINE#         96
  C:01B1H         LINE#         97
  C:01B4H         LINE#         98
  C:01BBH         LINE#         99
  -------         ENDPROC       MATRIX_BUTTON_DETECT
  -------         PROC          MAIN
  C:01C8H         LINE#         103
  C:01C8H         LINE#         104
  C:01C8H         LINE#         106
  -------         ENDPROC       MAIN
  -------         ENDMOD        MAIN

*** WARNING L16: UNCALLED SEGMENT, IGNORED FOR OVERLAY PROCESS
    SEGMENT: ?PR?SINGLE_BUTTON_DETECT?MAIN

Program Size: data=30.0 xdata=0 code=459
LINK/LOCATE RUN COMPLETE.  1 WARNING(S),  0 ERROR(S)
