C51 COMPILER V9.60.7.0   MAIN                                                              11/23/2025 15:38:04 PAGE 1   


C51 COMPILER V9.60.7.0, COMPILATION OF MODULE MAIN
OBJECT MODULE PLACED IN .\Objects\main.obj
COMPILER INVOKED BY: E:\KeilC51\C51\BIN\C51.EXE main.c OPTIMIZE(8,SPEED) BROWSE DEBUG OBJECTEXTEND PRINT(.\Listings\main
                    -.lst) OBJECT(.\Objects\main.obj)

line level    source

   1          #include "reg52.h"
   2          #include "intrins.h"
   3          
   4          typedef unsigned int u16;
   5          typedef unsigned char u8;
   6          
   7          sbit LED1 = P2^0;
   8          
   9          void Timer0_init()
  10          {
  11   1              TMOD |= 0x01;
  12   1              TH0 = 0xFC;
  13   1              TL0 = 0x18;
  14   1              
  15   1              ET0 = 1;
  16   1              EA = 1;
  17   1              
  18   1              TR0 = 1;
  19   1      }
  20          
  21          void Timer0() interrupt 1
  22          {
  23   1              static u16 count;
  24   1              
  25   1              TH0 = 0xFC;
  26   1              TL0 = 0x18;
  27   1              count++;
  28   1              
  29   1              if(count == 1000)
  30   1              {
  31   2                      count = 0;
  32   2                      LED1=~LED1;
  33   2              }
  34   1      }
  35          
  36          void main()
  37          {
  38   1              Timer0_init();
  39   1              
  40   1              while(1)
  41   1              {
  42   2              }
  43   1      }


MODULE INFORMATION:   STATIC OVERLAYABLE
   CODE SIZE        =     60    ----
   CONSTANT SIZE    =   ----    ----
   XDATA SIZE       =   ----    ----
   PDATA SIZE       =   ----    ----
   DATA SIZE        =      2    ----
   IDATA SIZE       =   ----    ----
   BIT SIZE         =   ----    ----
END OF MODULE INFORMATION.

C51 COMPILER V9.60.7.0   MAIN                                                              11/23/2025 15:38:04 PAGE 2   


C51 COMPILATION COMPLETE.  0 WARNING(S),  0 ERROR(S)
