C51 COMPILER V9.60.7.0   MAIN                                                              11/25/2025 01:43:21 PAGE 1   


C51 COMPILER V9.60.7.0, COMPILATION OF MODULE MAIN
OBJECT MODULE PLACED IN .\Objects\main.obj
COMPILER INVOKED BY: E:\KeilC51\C51\BIN\C51.EXE main.c OPTIMIZE(8,SPEED) BROWSE DEBUG OBJECTEXTEND PRINT(.\Listings\main
                    -.lst) OBJECT(.\Objects\main.obj)

line level    source

   1          #include "reg52.h"
   2          
   3          typedef unsigned int u16;
   4          typedef unsigned char u8;
   5          
   6          void UsartInit()
   7          {
   8   1              TMOD = 0X20;
   9   1              TH1 = 0XF3;
  10   1              TL1 = 0XF3;
  11   1              PCON = 0X80;
  12   1              TR1 = 1;
  13   1              SCON = 0X50;
  14   1              ES = 1;
  15   1              EA = 1;
  16   1      }
  17          
  18          void main()
  19          {
  20   1              UsartInit();
  21   1              while(1);
  22   1      }
  23          
  24          void Usart() interrupt 4
  25          {
  26   1              u8 rec_data;
  27   1              
  28   1              rec_data = SBUF;
  29   1              RI = 0;
  30   1              SBUF = rec_data;
  31   1              while(!TI);
  32   1              TI = 0;
  33   1      }


MODULE INFORMATION:   STATIC OVERLAYABLE
   CODE SIZE        =     50    ----
   CONSTANT SIZE    =   ----    ----
   XDATA SIZE       =   ----    ----
   PDATA SIZE       =   ----    ----
   DATA SIZE        =   ----    ----
   IDATA SIZE       =   ----    ----
   BIT SIZE         =   ----    ----
END OF MODULE INFORMATION.


C51 COMPILATION COMPLETE.  0 WARNING(S),  0 ERROR(S)
