BL51 BANKED LINKER/LOCATER V6.22.4.0                                                    11/25/2025  01:43:21  PAGE 1


BL51 BANKED LINKER/LOCATER V6.22.4.0, INVOKED BY:
E:\KEILC51\C51\BIN\BL51.EXE .\Objects\main.obj TO .\Objects\Template_C51 PRINT (.\Listings\Template_C51.m51) RAMSIZE (25
>> 6)


MEMORY MODEL: SMALL


INPUT MODULES INCLUDED:
  .\Objects\main.obj (MAIN)
  E:\KEILC51\C51\LIB\C51S.LIB (?C_STARTUP)


LINK MAP OF MODULE:  .\Objects\Template_C51 (MAIN)


            TYPE    BASE      LENGTH    RELOCATION   SEGMENT NAME
            -----------------------------------------------------

            * * * * * * *   D A T A   M E M O R Y   * * * * * * *
            REG     0000H     0008H     ABSOLUTE     "REG BANK 0"
            IDATA   0008H     0001H     UNIT         ?STACK

            * * * * * * *   C O D E   M E M O R Y   * * * * * * *
            CODE    0000H     0003H     ABSOLUTE     
            CODE    0003H     0017H     UNIT         ?PR?USART?MAIN
            CODE    001AH     0005H     UNIT         ?PR?MAIN?MAIN
                    001FH     0004H                  *** GAP ***
            CODE    0023H     0003H     ABSOLUTE     
            CODE    0026H     0016H     UNIT         ?PR?USARTINIT?MAIN
            CODE    003CH     000CH     UNIT         ?C_C51STARTUP



OVERLAY MAP OF MODULE:   .\Objects\Template_C51 (MAIN)


SEGMENT
  +--> CALLED SEGMENT
---------------------
?C_C51STARTUP
  +--> ?PR?MAIN?MAIN

?PR?MAIN?MAIN
  +--> ?PR?USARTINIT?MAIN



SYMBOL TABLE OF MODULE:  .\Objects\Template_C51 (MAIN)

  VALUE           TYPE          NAME
  ----------------------------------

  -------         MODULE        MAIN
  C:0000H         SYMBOL        _ICE_DUMMY_
  D:0090H         PUBLIC        P1
  D:00B0H         PUBLIC        P3
  B:00A8H.7       PUBLIC        EA
BL51 BANKED LINKER/LOCATER V6.22.4.0                                                  11/25/2025  01:43:21  PAGE 2


  D:00A8H         PUBLIC        IE
  C:0003H         PUBLIC        Usart
  B:00A8H.4       PUBLIC        ES
  D:00B8H         PUBLIC        IP
  B:0098H.0       PUBLIC        RI
  B:0098H.1       PUBLIC        TI
  C:001AH         PUBLIC        main
  C:0026H         PUBLIC        UsartInit
  D:0099H         PUBLIC        SBUF
  D:0087H         PUBLIC        PCON
  D:0098H         PUBLIC        SCON
  D:0089H         PUBLIC        TMOD
  D:0088H         PUBLIC        TCON
  D:008DH         PUBLIC        TH1
  D:008BH         PUBLIC        TL1
  B:0088H.6       PUBLIC        TR1
  D:00C8H         PUBLIC        T2CON
  D:00D0H         PUBLIC        PSW
  -------         PROC          USARTINIT
  C:0026H         LINE#         6
  C:0026H         LINE#         7
  C:0026H         LINE#         8
  C:0029H         LINE#         9
  C:002CH         LINE#         10
  C:002FH         LINE#         11
  C:0032H         LINE#         12
  C:0034H         LINE#         13
  C:0037H         LINE#         14
  C:0039H         LINE#         15
  C:003BH         LINE#         16
  -------         ENDPROC       USARTINIT
  -------         PROC          MAIN
  C:001AH         LINE#         18
  C:001AH         LINE#         19
  C:001AH         LINE#         20
  C:001DH         LINE#         21
  -------         ENDPROC       MAIN
  -------         PROC          USART
  -------         DO            
  D:0007H         SYMBOL        rec_data
  -------         ENDDO         
  C:0003H         LINE#         24
  C:000AH         LINE#         28
  C:000CH         LINE#         29
  C:000EH         LINE#         30
  C:0010H         LINE#         31
  C:0013H         LINE#         32
  C:0015H         LINE#         33
  -------         ENDPROC       USART
  -------         ENDMOD        MAIN

Program Size: data=9.0 xdata=0 code=68
LINK/LOCATE RUN COMPLETE.  0 WARNING(S),  0 ERROR(S)
