C51 COMPILER V9.60.7.0   MAIN                                                              11/21/2025 23:19:20 PAGE 1   


C51 COMPILER V9.60.7.0, COMPILATION OF MODULE MAIN
OBJECT MODULE PLACED IN .\Objects\main.obj
COMPILER INVOKED BY: E:\KeilC51\C51\BIN\C51.EXE main.c OPTIMIZE(8,SPEED) BROWSE DEBUG OBJECTEXTEND PRINT(.\Listings\main
                    -.lst) OBJECT(.\Objects\main.obj)

line level    source

   1          #include "reg52.h"
   2          #include "intrins.h"
   3          
   4          typedef unsigned int u16;
   5          typedef unsigned char u8;
   6          
   7          #define GPIO_LED P0
   8          
   9          sbit SRCLK = P3^6;
  10          sbit RRCLK = P3^5;
  11          sbit SER = P3^4;
  12          
  13          u8 ghc595_buf[8] = {0x01, 0x02, 0x04, 0x08, 0x10, 0x20, 0x40, 0x80};
  14          
  15          void delay_10us(u16 ten_us)
  16          {
  17   1              while(ten_us--);
  18   1      }
  19          
  20          void delay_ms(u16 ms)
  21          {
  22   1              u16 i,j;
  23   1              for(i=ms;i>0;i--)
  24   1                      for(j=110;j>0;j--);
  25   1      }
  26          
  27          void Hc595_Send_Byte(u8 dat)
  28          {
  29   1              u8 i=0;
  30   1              
  31   1              for(i=0;i<8;i++)
  32   1              {
  33   2                      SER=dat>>7;
  34   2                      dat<<=1;
  35   2                      SRCLK=0;
  36   2                      delay_10us(1);
  37   2                      SRCLK=1;
  38   2                      delay_10us(1);
  39   2              }
  40   1              
  41   1              RRCLK=0;
  42   1              delay_10us(1);
  43   1              RRCLK=1;
  44   1      }
  45          
  46          // ´®×ª²¢
  47          void sin2mul()
  48          {
  49   1              u8 i = 0;
  50   1              GPIO_LED = 0x00;
  51   1              while(1)
  52   1              {
  53   2                      for(i=0;i<8;i++)
  54   2                      {
C51 COMPILER V9.60.7.0   MAIN                                                              11/21/2025 23:19:20 PAGE 2   

  55   3                              Hc595_Send_Byte(0x00);
  56   3                              Hc595_Send_Byte(ghc595_buf[i]);
  57   3                              delay_ms(500);
  58   3                      }
  59   2              }
  60   1      }
  61          
  62          void main()
  63          {
  64   1              sin2mul();
  65   1      }


MODULE INFORMATION:   STATIC OVERLAYABLE
   CODE SIZE        =    121    ----
   CONSTANT SIZE    =   ----    ----
   XDATA SIZE       =   ----    ----
   PDATA SIZE       =   ----    ----
   DATA SIZE        =      8    ----
   IDATA SIZE       =   ----    ----
   BIT SIZE         =   ----    ----
END OF MODULE INFORMATION.


C51 COMPILATION COMPLETE.  0 WARNING(S),  0 ERROR(S)
