C51 COMPILER V9.60.7.0   MAIN                                                              11/22/2025 23:55:59 PAGE 1   


C51 COMPILER V9.60.7.0, COMPILATION OF MODULE MAIN
OBJECT MODULE PLACED IN .\Objects\main.obj
COMPILER INVOKED BY: E:\KeilC51\C51\BIN\C51.EXE main.c OPTIMIZE(8,SPEED) BROWSE DEBUG OBJECTEXTEND PRINT(.\Listings\main
                    -.lst) OBJECT(.\Objects\main.obj)

line level    source

   1          #include "reg52.h"
   2          #include "intrins.h"
   3          
   4          typedef unsigned int u16;
   5          typedef unsigned char u8;
   6          
   7          #define LED_COL1 P1
   8          #define LED_COL2 P0
   9          
  10          sbit RRCLK = P3^5;
  11          sbit SRCLK = P3^6;
  12          sbit SER = P3^4;
  13          
  14          void delay_10us(u16 ten_us)
  15          {
  16   1              while(ten_us--);
  17   1      }
  18          
  19          void delay_ms(u16 ms)
  20          {
  21   1              u16 i,j;
  22   1              for(i=ms;i>0;i--)
  23   1                      for(j=110;j>0;j--);
  24   1      }
  25          
  26          void Hc595_Load_Byte(u8 indata1, u8 indata2, u8 indata3, u8 indata4)
  27          {
  28   1              u8 i = 0;
  29   1              SRCLK = 1;
  30   1              RRCLK = 1;
  31   1              
  32   1              for(i=0;i<8;i++)
  33   1              {
  34   2                      SER = indata1>>7;
  35   2                      indata1<<=1;
  36   2                      
  37   2                      SRCLK = 0;
  38   2                      _nop_();
  39   2                      _nop_();
  40   2                      SRCLK = 1;
  41   2              }
  42   1              
  43   1              for(i=0;i<8;i++)
  44   1              {
  45   2                      SER = indata2>>7;
  46   2                      indata2<<=1;
  47   2                      
  48   2                      SRCLK = 0;
  49   2                      _nop_();
  50   2                      _nop_();
  51   2                      SRCLK = 1;
  52   2              }
  53   1      
  54   1              for(i=0;i<8;i++)
C51 COMPILER V9.60.7.0   MAIN                                                              11/22/2025 23:55:59 PAGE 2   

  55   1              {
  56   2                      SER = indata3>>7;
  57   2                      indata3<<=1;
  58   2                      
  59   2                      SRCLK = 0;
  60   2                      _nop_();
  61   2                      _nop_();
  62   2                      SRCLK = 1;
  63   2              }
  64   1              
  65   1              for(i=0;i<8;i++)
  66   1              {
  67   2                      SER = indata4>>7;
  68   2                      indata4<<=1;
  69   2                      
  70   2                      SRCLK = 0;
  71   2                      _nop_();
  72   2                      _nop_();
  73   2                      SRCLK = 1;
  74   2              }
  75   1              
  76   1              RRCLK = 0;
  77   1              _nop_();
  78   1              _nop_();
  79   1              RRCLK = 1;
  80   1      }
  81          
  82          void LedMatrix()
  83          {
  84   1              u8 row1[16] = {0x00,0x80,0x60,0xF8,0x07,0x40,0x20,0x18,0x0F,0x08,0xC8,0x08,0x08,0x28,0x18,0x00};
  85   1              u8 row2[16] = {0x01,0x00,0x00,0xFF,0x00,0x10,0x0C,0x03,0x40,0x80,0x7F,0x00,0x01,0x06,0x18,0x00};
  86   1              u8 col1[16] = {0xff,0xff,0xff,0xff,0xff,0xff,0xff,0xff,0xfe,0xfd,0xfb,0xf7,0xef,0xdf,0xbf,0x7f};
  87   1              u8 col2[16] = {0xfe,0xfd,0xfb,0xf7,0xef,0xdf,0xbf,0x7f,0xff,0xff,0xff,0xff,0xff,0xff,0xff,0xff};
  88   1              u8 i;
  89   1              while(1)
  90   1              {
  91   2                      for(i=0;i<16;i++)
  92   2                      {
  93   3                              Hc595_Load_Byte(col1[i],col2[i], row2[i], row1[i]);
  94   3                              delay_10us(5);
  95   3                      }
  96   2                      delay_10us(3e4);
  97   2                      
  98   2                      for(i=0;i<15;i++)
  99   2                      {
 100   3                              Hc595_Load_Byte(col1[i],col2[i], row2[i+1], row1[i+1]);
 101   3                              delay_10us(5);
 102   3                      }
 103   2                      delay_10us(3e4);
 104   2                      
 105   2                      for(i=0;i<14;i++)
 106   2                      {
 107   3                              Hc595_Load_Byte(col1[i],col2[i], row2[i+2], row1[i+2]);
 108   3                              delay_10us(5);
 109   3                      }
 110   2                      
 111   2                      delay_10us(3e4);
 112   2              }
 113   1      }
 114          
 115          void main()
 116          {
C51 COMPILER V9.60.7.0   MAIN                                                              11/22/2025 23:55:59 PAGE 3   

 117   1              LedMatrix();
 118   1      }


MODULE INFORMATION:   STATIC OVERLAYABLE
   CODE SIZE        =    371    ----
   CONSTANT SIZE    =     64    ----
   XDATA SIZE       =   ----    ----
   PDATA SIZE       =   ----    ----
   DATA SIZE        =   ----      68
   IDATA SIZE       =   ----    ----
   BIT SIZE         =   ----    ----
END OF MODULE INFORMATION.


C51 COMPILATION COMPLETE.  0 WARNING(S),  0 ERROR(S)
