C51 COMPILER V9.60.7.0   MAIN                                                              11/23/2025 02:26:50 PAGE 1   


C51 COMPILER V9.60.7.0, COMPILATION OF MODULE MAIN
OBJECT MODULE PLACED IN .\Objects\main.obj
COMPILER INVOKED BY: E:\KeilC51\C51\BIN\C51.EXE main.c OPTIMIZE(8,SPEED) BROWSE DEBUG OBJECTEXTEND PRINT(.\Listings\main
                    -.lst) OBJECT(.\Objects\main.obj)

line level    source

   1          #include "reg52.h"
   2          #include "intrins.h"
   3          
   4          typedef unsigned int u16;
   5          typedef unsigned char u8;
   6          
   7          sbit MOTOA = P1^0;
   8          sbit MOTOB = P1^1;
   9          sbit MOTOC = P1^2;
  10          sbit MOTOD = P1^3;
  11          
  12          #define SPEED 400
  13          
  14          void delay_10us(u16 ten_us)
  15          {
  16   1              while(ten_us--);
  17   1      }
  18          
  19          void delay_ms(u16 ms)
  20          {
  21   1              u16 i,j;
  22   1              for(i=ms;i>0;i--)
  23   1                      for(j=110;j>0;j--);
  24   1      }
  25          
  26          void main()
  27          {
  28   1              P1= 0x00;
  29   1              
  30   1              while(1)
  31   1              {
  32   2                      //A+
  33   2                      MOTOA = 1;
  34   2                      MOTOB = 0;
  35   2                      MOTOC = 1;
  36   2                      MOTOD = 0;
  37   2                      delay_10us(SPEED);
  38   2                      
  39   2                      MOTOA = 0;
  40   2                      MOTOB = 1;
  41   2                      MOTOC = 1;
  42   2                      MOTOD = 0;
  43   2                      delay_10us(SPEED);
  44   2                      
  45   2                      //A-
  46   2                      MOTOA = 0;
  47   2                      MOTOB = 1;
  48   2                      MOTOC = 0;
  49   2                      MOTOD = 1;
  50   2                      delay_10us(SPEED);
  51   2                      
  52   2                      MOTOA = 1;
  53   2                      MOTOB = 0;
  54   2                      MOTOC = 0;
C51 COMPILER V9.60.7.0   MAIN                                                              11/23/2025 02:26:50 PAGE 2   

  55   2                      MOTOD = 1;
  56   2                      delay_10us(SPEED);
  57   2              }
  58   1      }


MODULE INFORMATION:   STATIC OVERLAYABLE
   CODE SIZE        =     90    ----
   CONSTANT SIZE    =   ----    ----
   XDATA SIZE       =   ----    ----
   PDATA SIZE       =   ----    ----
   DATA SIZE        =   ----    ----
   IDATA SIZE       =   ----    ----
   BIT SIZE         =   ----    ----
END OF MODULE INFORMATION.


C51 COMPILATION COMPLETE.  0 WARNING(S),  0 ERROR(S)
