BL51 BANKED LINKER/LOCATER V6.22.4.0                                                    11/23/2025  02:26:50  PAGE 1


BL51 BANKED LINKER/LOCATER V6.22.4.0, INVOKED BY:
E:\KEILC51\C51\BIN\BL51.EXE .\Objects\main.obj TO .\Objects\Template_C51 PRINT (.\Listings\Template_C51.m51) RAMSIZE (25
>> 6)


MEMORY MODEL: SMALL


INPUT MODULES INCLUDED:
  .\Objects\main.obj (MAIN)
  E:\KEILC51\C51\LIB\C51S.LIB (?C_STARTUP)


LINK MAP OF MODULE:  .\Objects\Template_C51 (MAIN)


            TYPE    BASE      LENGTH    RELOCATION   SEGMENT NAME
            -----------------------------------------------------

            * * * * * * *   D A T A   M E M O R Y   * * * * * * *
            REG     0000H     0008H     ABSOLUTE     "REG BANK 0"
            IDATA   0008H     0001H     UNIT         ?STACK

            * * * * * * *   C O D E   M E M O R Y   * * * * * * *
            CODE    0000H     0003H     ABSOLUTE     
            CODE    0003H     0029H     UNIT         ?PR?MAIN?MAIN
            CODE    002CH     001EH     UNIT         ?PR?_DELAY_MS?MAIN
            CODE    004AH     0013H     UNIT         ?PR?_DELAY_10US?MAIN
            CODE    005DH     000CH     UNIT         ?C_C51STARTUP



OVERLAY MAP OF MODULE:   .\Objects\Template_C51 (MAIN)


SEGMENT
  +--> CALLED SEGMENT
---------------------
?C_C51STARTUP
  +--> ?PR?MAIN?MAIN

?PR?MAIN?MAIN
  +--> ?PR?_DELAY_10US?MAIN



SYMBOL TABLE OF MODULE:  .\Objects\Template_C51 (MAIN)

  VALUE           TYPE          NAME
  ----------------------------------

  -------         MODULE        MAIN
  C:0000H         SYMBOL        _ICE_DUMMY_
  D:0090H         PUBLIC        P1
  B:0090H.0       PUBLIC        MOTOA
  B:0090H.1       PUBLIC        MOTOB
  D:00B0H         PUBLIC        P3
  B:0090H.2       PUBLIC        MOTOC
BL51 BANKED LINKER/LOCATER V6.22.4.0                                                  11/23/2025  02:26:50  PAGE 2


  B:0090H.3       PUBLIC        MOTOD
  D:00A8H         PUBLIC        IE
  D:00B8H         PUBLIC        IP
  C:0003H         PUBLIC        main
  D:0098H         PUBLIC        SCON
  D:0088H         PUBLIC        TCON
  C:0052H         PUBLIC        _delay_10us
  C:002CH         PUBLIC        _delay_ms
  D:00C8H         PUBLIC        T2CON
  D:00D0H         PUBLIC        PSW
  C:004EH         SYMBOL        L?0018
  -------         PROC          L?0017
  -------         ENDPROC       L?0017
  C:004EH         SYMBOL        L?0018
  -------         PROC          _DELAY_10US
  D:0006H         SYMBOL        ten_us
  C:0052H         LINE#         14
  C:0052H         LINE#         15
  C:0052H         LINE#         16
  C:005CH         LINE#         17
  -------         ENDPROC       _DELAY_10US
  -------         PROC          _DELAY_MS
  D:0006H         SYMBOL        ms
  -------         DO            
  D:0006H         SYMBOL        i
  D:0004H         SYMBOL        j
  -------         ENDDO         
  C:002CH         LINE#         19
  C:002CH         LINE#         20
  C:002CH         LINE#         22
  C:0035H         LINE#         23
  C:0049H         LINE#         24
  -------         ENDPROC       _DELAY_MS
  -------         PROC          MAIN
  C:0003H         LINE#         26
  C:0003H         LINE#         27
  C:0003H         LINE#         28
  C:0006H         LINE#         30
  C:0006H         LINE#         31
  C:0006H         LINE#         33
  C:0008H         LINE#         34
  C:000AH         LINE#         35
  C:000AH         LINE#         36
  C:000AH         LINE#         37
  C:000DH         LINE#         39
  C:000FH         LINE#         40
  C:0011H         LINE#         41
  C:0011H         LINE#         42
  C:0011H         LINE#         43
  C:0014H         LINE#         46
  C:0016H         LINE#         47
  C:0018H         LINE#         48
  C:001AH         LINE#         49
  C:001CH         LINE#         50
  C:001FH         LINE#         52
  C:0021H         LINE#         53
  C:0023H         LINE#         54
BL51 BANKED LINKER/LOCATER V6.22.4.0                                                  11/23/2025  02:26:50  PAGE 3


  C:0025H         LINE#         55
  C:0027H         LINE#         56
  C:002AH         LINE#         57
  -------         ENDPROC       MAIN
  -------         ENDMOD        MAIN

*** WARNING L16: UNCALLED SEGMENT, IGNORED FOR OVERLAY PROCESS
    SEGMENT: ?PR?_DELAY_MS?MAIN

Program Size: data=9.0 xdata=0 code=105
LINK/LOCATE RUN COMPLETE.  1 WARNING(S),  0 ERROR(S)
