C51 COMPILER V9.60.7.0   MAIN                                                              11/23/2025 17:51:03 PAGE 1   


C51 COMPILER V9.60.7.0, COMPILATION OF MODULE MAIN
OBJECT MODULE PLACED IN .\Objects\main.obj
COMPILER INVOKED BY: E:\KeilC51\C51\BIN\C51.EXE main.c OPTIMIZE(8,SPEED) BROWSE DEBUG OBJECTEXTEND PRINT(.\Listings\main
                    -.lst) OBJECT(.\Objects\main.obj)

line level    source

   1          #include "reg52.h"
   2          #include "intrins.h"
   3          
   4          typedef unsigned int u16;
   5          typedef unsigned char u8;
   6          
   7          #define GPIO_DEG P0
   8          #define GPIO_TRAFFIC P1
   9          
  10          sbit LSA = P2^2;
  11          sbit LSB = P2^3;
  12          sbit LSC = P2^4;
  13          
  14          sbit P1_R = P1^0;
  15          sbit P1_G = P1^1;
  16          
  17          sbit C1_R = P1^2;
  18          sbit C1_Y = P1^3;
  19          sbit C1_G = P1^4;
  20          
  21          sbit C2_R = P1^5;
  22          sbit C2_Y = P1^6;
  23          sbit C2_G = P1^7;
  24          
  25          sbit P2_G = P3^0;
  26          sbit P2_R = P3^1;
  27          
  28          u8 SMG[17] = {0x3f,0x06,0x5b,0x4f,0x66,0x6d,0x7d,0x07,0x7f,0x6f,0x77,0x7c,0x39,0x5e,0x79,0x71};
  29          
  30          u8 Display_Data[8];
  31          
  32          u8 Sec=1;
  33          
  34          void delay(u16 i)
  35          {
  36   1              while(i--);     
  37   1      }
  38          
  39          void Timer0_init()
  40          {
  41   1              TMOD |= 0x01;
  42   1              // 1ms
  43   1              TH0 = 0xFC; 
  44   1              TL0 = 0x18;
  45   1              
  46   1              ET0 = 1;
  47   1              EA = 1;
  48   1              
  49   1              TR0 = 1;
  50   1      }
  51          
  52          void DisPlay()
  53          {
  54   1              u8 i;
C51 COMPILER V9.60.7.0   MAIN                                                              11/23/2025 17:51:03 PAGE 2   

  55   1              for(i=0;i<8;i++)
  56   1              {
  57   2                      switch(i)
  58   2                      {
  59   3                              case(0): LSA=0;LSB=0;LSC=0;break;
  60   3                              case(1): LSA=1;LSB=0;LSC=0;break;
  61   3                              case(2): LSA=0;LSB=1;LSC=0;break;
  62   3                              case(3): LSA=1;LSB=1;LSC=0;break;
  63   3                              case(4): LSA=0;LSB=0;LSC=1;break;
  64   3                              case(5): LSA=1;LSB=0;LSC=1;break;
  65   3                              case(6): LSA=0;LSB=1;LSC=1;break;
  66   3                              case(7): LSA=1;LSB=1;LSC=1;break;
  67   3                      }
  68   2                      
  69   2                      GPIO_DEG = Display_Data[i];
  70   2                      delay(100);
  71   2                      GPIO_DEG = 0x00;
  72   2              }
  73   1      }
  74          
  75          void main()
  76          {
  77   1              Timer0_init();
  78   1              
  79   1              while(1)
  80   1              {
  81   2                      if(Sec<=7)
  82   2                      {
  83   3                              Display_Data[0]=0x00;
  84   3                              Display_Data[1]=0x00;
  85   3                              Display_Data[2]=SMG[(11-Sec) / 10];
  86   3                              Display_Data[3]=SMG[(11-Sec) % 10];
  87   3                              Display_Data[4]=0x00;
  88   3                              Display_Data[5]=0x00;
  89   3                              Display_Data[6]=SMG[(8-Sec) / 10];
  90   3                              Display_Data[7]=SMG[(8-Sec) % 10];
  91   3                              DisPlay();
  92   3                              
  93   3                              C1_R=0;
  94   3                              C1_Y=1;
  95   3                              C1_G=1;
  96   3                              C2_R=1;
  97   3                              C2_Y=1;
  98   3                              C2_G=0;
  99   3                              P1_R=0;
 100   3                              P1_G=~P1_R;
 101   3                              P2_R=1;
 102   3                              P2_G=~P2_R;
 103   3                      }
 104   2                      else if(Sec<=10)
 105   2                      {
 106   3                              Display_Data[0]=0x00;
 107   3                              Display_Data[1]=0x00;
 108   3                              Display_Data[2]=SMG[(11-Sec) / 10];
 109   3                              Display_Data[3]=SMG[(11-Sec) % 10];
 110   3                              Display_Data[4]=0x00;
 111   3                              Display_Data[5]=0x00;
 112   3                              Display_Data[6]=SMG[(11-Sec) / 10];
 113   3                              Display_Data[7]=SMG[(11-Sec) % 10];
 114   3                              DisPlay();
 115   3                              
 116   3                              C1_R=0;
C51 COMPILER V9.60.7.0   MAIN                                                              11/23/2025 17:51:03 PAGE 3   

 117   3                              C1_Y=1;
 118   3                              C1_G=1;
 119   3                              C2_R=1;
 120   3                              C2_Y=0;
 121   3                              C2_G=1;
 122   3                              P1_R=0;
 123   3                              P1_G=~P1_R;
 124   3                              P2_R=1;
 125   3                              P2_G=~P2_R;
 126   3                      }
 127   2                      else if(Sec<=17)
 128   2                      {
 129   3                              Display_Data[0]=0x00;
 130   3                              Display_Data[1]=0x00;
 131   3                              Display_Data[2]=SMG[(18-Sec) / 10];
 132   3                              Display_Data[3]=SMG[(18-Sec) % 10];
 133   3                              Display_Data[4]=0x00;
 134   3                              Display_Data[5]=0x00;
 135   3                              Display_Data[6]=SMG[(21-Sec) / 10];
 136   3                              Display_Data[7]=SMG[(21-Sec) % 10];
 137   3                              DisPlay();
 138   3                              
 139   3                              C1_R=1;
 140   3                              C1_Y=1;
 141   3                              C1_G=0;
 142   3                              C2_R=0;
 143   3                              C2_Y=1;
 144   3                              C2_G=1;
 145   3                              P1_R=1;
 146   3                              P1_G=~P1_R;
 147   3                              P2_R=0;
 148   3                              P2_G=~P2_R;
 149   3                      }
 150   2                      else if(Sec<=20)
 151   2                      {
 152   3                              Display_Data[0]=0x00;
 153   3                              Display_Data[1]=0x00;
 154   3                              Display_Data[2]=SMG[(21-Sec) / 10];
 155   3                              Display_Data[3]=SMG[(21-Sec) % 10];
 156   3                              Display_Data[4]=0x00;
 157   3                              Display_Data[5]=0x00;
 158   3                              Display_Data[6]=SMG[(21-Sec) / 10];
 159   3                              Display_Data[7]=SMG[(21-Sec) % 10];
 160   3                              DisPlay();
 161   3                              
 162   3                              C1_R=1;
 163   3                              C1_Y=0;
 164   3                              C1_G=1;
 165   3                              C2_R=0;
 166   3                              C2_Y=1;
 167   3                              C2_G=1;
 168   3                              P1_R=1;
 169   3                              P1_G=~P1_R;
 170   3                              P2_R=0;
 171   3                              P2_G=~P2_R;
 172   3                      }
 173   2              }
 174   1      }
 175          
 176          void Timer0() interrupt 1
 177          {
 178   1              static u16 count;
C51 COMPILER V9.60.7.0   MAIN                                                              11/23/2025 17:51:03 PAGE 4   

 179   1              
 180   1              TH0 = 0xFC;
 181   1              TL0 = 0x18;
 182   1              count++;
 183   1              
 184   1              if(count == 1000) // 1s
 185   1              {
 186   2                      count = 0;
 187   2                      Sec++;
 188   2                      if(Sec>20)
 189   2                      {
 190   3                              Sec=1;
 191   3                      }
 192   2              }
 193   1      }


MODULE INFORMATION:   STATIC OVERLAYABLE
   CODE SIZE        =    612    ----
   CONSTANT SIZE    =   ----    ----
   XDATA SIZE       =   ----    ----
   PDATA SIZE       =   ----    ----
   DATA SIZE        =     28    ----
   IDATA SIZE       =   ----    ----
   BIT SIZE         =   ----    ----
END OF MODULE INFORMATION.


C51 COMPILATION COMPLETE.  0 WARNING(S),  0 ERROR(S)
