C51 COMPILER V9.60.7.0   MAIN                                                              09/20/2026 14:13:56 PAGE 1   


C51 COMPILER V9.60.7.0, COMPILATION OF MODULE MAIN
OBJECT MODULE PLACED IN main.OBJ
COMPILER INVOKED BY: E:\KeilC51\C51\BIN\C51.EXE main.c OPTIMIZE(8,SPEED) DEBUG OBJECTEXTEND

line level    source

   1          #include "reg52.h"
   2          #include "delay.h"
   3          #include "exit_set.h"
   4          
   5          typedef unsigned int u16;
   6          typedef unsigned char u8;
   7          
   8          sbit PWM_0 = P2^0;
   9          sbit PWM_1 = P2^1;
  10          sbit angle0 = P1^0;
  11          sbit angle45 = P1^1;
  12          sbit angle90 = P1^2;
  13          sbit angle135 = P1^3;
  14          sbit angle180 = P1^4;
  15          
  16          u8 angle=0,t=0,level_0=0, level_1=0;
  17          
  18          void main()     
  19          {
  20   1              T0_set(1);
  21   1              T1_set(1);
  22   1              while(1)
  23   1              {
  24   2                      
  25   2                      angle = 0;
  26   2                      
  27   2                      t=20;
  28   2                      while(t--)
  29   2                      {
  30   3                              delay_10us(10000);
  31   3                      }
  32   2                      
  33   2                      angle = 1;
  34   2                      
  35   2                      t=20;
  36   2                      while(t--)
  37   2                      {
  38   3                              delay_10us(10000);
  39   3                      }
  40   2              }
  41   1      }
  42          
  43          
  44          //void main()
  45          //{
  46          //      T0_set(1);      
  47          //      while(1)
  48          //      {
  49          //              if(angle0==0||angle45==0||angle90==0||angle135==0||angle180==0)                                       
             -                                                                                
  50          //              {
  51          //                      delay_10us(100);
  52          //                      if(angle0==0)
  53          //                      {
  54          //                              change = 0;
C51 COMPILER V9.60.7.0   MAIN                                                              09/20/2026 14:13:56 PAGE 2   

  55          //                              i=39;                           
  56          //                              T0_set(1);
  57          //                      }
  58          //                      else if(angle45==0)
  59          //                      {
  60          //                              
  61          //                              change = 1;
  62          //                              i=39;
  63          //                              T0_set(1);
  64          //                      }
  65          //                      else if(angle90==0)
  66          //                      {
  67          //                              
  68          //                              change = 2;
  69          //                              i=39;
  70          //                              T0_set(1);
  71          //                      }
  72          //                      else if(angle135==0)
  73          //                      {
  74          //                              
  75          //                              change = 3;
  76          //                              i=39;
  77          //                              T0_set(1);
  78          //                      }
  79          //                      else if(angle180==0)
  80          //                      {
  81          //                              change = 4;
  82          //                              i=39;
  83          //                              T0_set(1);
  84          //                      }       
  85          //              }
  86          //               
  87          //      }       
  88          //}
  89          
  90          //void PWM_plus() interrupt 1
  91          //{
  92          //      TH0 = 0XFE;
  93          //      TL0 = 0X33;
  94          //      
  95          //      i++;
  96          //      i%=40;
  97          //      
  98          //      if(i<=angle)
  99          //      {
 100          //              PWM = 1;
 101          //      }
 102          //      else
 103          //      {
 104          //              PWM = 0;
 105          //      }
 106          //}
 107          
 108          //有效脉冲范围：0.5ms-2.5ms 总脉冲长度：20ms
 109          void PWM0_plus() interrupt 1
 110          {       
 111   1              if(angle==0)
 112   1              {
 113   2                      if(level_0==0)
 114   2                      {
 115   3                              TH0 = 0XFE;
 116   3                              TL0 = 0X33;
C51 COMPILER V9.60.7.0   MAIN                                                              09/20/2026 14:13:56 PAGE 3   

 117   3                      }
 118   2                      else
 119   2                      {
 120   3                              TH0 = 0XB9;
 121   3                              TL0 = 0XCC;
 122   3                      }
 123   2              }
 124   1              else
 125   1              {
 126   2                      if(level_0==0)
 127   2                      {
 128   3                              TH0 = 0XF8;
 129   3                              TL0 = 0X39;
 130   3                      }
 131   2                      else
 132   2                      {
 133   3                              TH0 = 0XBF;
 134   3                              TL0 = 0XC6;
 135   3                      }
 136   2              }
 137   1              level_0 = !level_0;
 138   1              PWM_0 = level_0;
 139   1      }
 140          
 141          void PWM1_plus() interrupt 3
 142          {
 143   1              if(angle==0)
 144   1              {
 145   2                      if(level_1==0)
 146   2                      {
 147   3                              TH1 = 0xF8;
 148   3                              TL1 = 0x39;
 149   3                      }
 150   2                      else
 151   2                      {
 152   3                              TH1 = 0xBF;
 153   3                              TL1 = 0xC6;
 154   3                      }
 155   2              }
 156   1              else
 157   1              {
 158   2                      if(level_1==0)
 159   2                      {
 160   3                              TH1 = 0xFE;
 161   3                              TL1 = 0x33;
 162   3                      }
 163   2                      else
 164   2                      {
 165   3                              TH1 = 0xB9;
 166   3                              TL1 = 0xCC;
 167   3                      }
 168   2              }
 169   1              level_1 = !level_1;
 170   1              PWM_1 = level_1;
 171   1      }


MODULE INFORMATION:   STATIC OVERLAYABLE
   CODE SIZE        =    206    ----
   CONSTANT SIZE    =   ----    ----
   XDATA SIZE       =   ----    ----
   PDATA SIZE       =   ----    ----
C51 COMPILER V9.60.7.0   MAIN                                                              09/20/2026 14:13:56 PAGE 4   

   DATA SIZE        =      4    ----
   IDATA SIZE       =   ----    ----
   BIT SIZE         =   ----    ----
END OF MODULE INFORMATION.


C51 COMPILATION COMPLETE.  0 WARNING(S),  0 ERROR(S)
