BL51 BANKED LINKER/LOCATER V6.22.4.0                                                    09/20/2026  14:13:57  PAGE 1


BL51 BANKED LINKER/LOCATER V6.22.4.0, INVOKED BY:
E:\KEILC51\C51\BIN\BL51.EXE main.obj, delay.obj, exit_set.obj TO PWM_motor RAMSIZE (256)


MEMORY MODEL: SMALL


INPUT MODULES INCLUDED:
  main.obj (MAIN)
  delay.obj (DELAY)
  exit_set.obj (EXIT_SET)
  E:\KEILC51\C51\LIB\C51S.LIB (?C_STARTUP)
  E:\KEILC51\C51\LIB\C51S.LIB (?C_INIT)


LINK MAP OF MODULE:  PWM_motor (MAIN)


            TYPE    BASE      LENGTH    RELOCATION   SEGMENT NAME
            -----------------------------------------------------

            * * * * * * *   D A T A   M E M O R Y   * * * * * * *
            REG     0000H     0008H     ABSOLUTE     "REG BANK 0"
            DATA    0008H     0004H     UNIT         ?DT?MAIN
                    000CH     0014H                  *** GAP ***
            BIT     0020H.0   0000H.1   UNIT         _BIT_GROUP_
                    0020H.1   0000H.7                *** GAP ***
            IDATA   0021H     0001H     UNIT         ?STACK

            * * * * * * *   C O D E   M E M O R Y   * * * * * * *
            CODE    0000H     0003H     ABSOLUTE     
            CODE    0003H     0007H     UNIT         ?PR?INT0_SET?EXIT_SET
                    000AH     0001H                  *** GAP ***
            CODE    000BH     0003H     ABSOLUTE     
            CODE    000EH     000DH     UNIT         ?C_INITSEG
            CODE    001BH     0003H     ABSOLUTE     
            CODE    001EH     008CH     UNIT         ?C_C51STARTUP
            CODE    00AAH     004CH     UNIT         ?PR?PWM0_PLUS?MAIN
            CODE    00F6H     004CH     UNIT         ?PR?PWM1_PLUS?MAIN
            CODE    0142H     0036H     UNIT         ?PR?MAIN?MAIN
            CODE    0178H     0012H     UNIT         ?PR?T0_SET?EXIT_SET
            CODE    018AH     0012H     UNIT         ?PR?T1_SET?EXIT_SET
            CODE    019CH     000BH     UNIT         ?PR?_DELAY_10US?DELAY
            CODE    01A7H     0007H     UNIT         ?PR?INT1_SET?EXIT_SET



OVERLAY MAP OF MODULE:   PWM_motor (MAIN)


SEGMENT                           BIT_GROUP 
  +--> CALLED SEGMENT          START    LENGTH
----------------------------------------------
?C_C51STARTUP                  -----    -----
  +--> ?PR?MAIN?MAIN
  +--> ?C_INITSEG

?PR?MAIN?MAIN                  -----    -----
BL51 BANKED LINKER/LOCATER V6.22.4.0                                                  09/20/2026  14:13:57  PAGE 2


  +--> ?PR?T0_SET?EXIT_SET
  +--> ?PR?T1_SET?EXIT_SET
  +--> ?PR?_DELAY_10US?DELAY

?PR?T0_SET?EXIT_SET            0020H.0  0000H.1

?PR?T1_SET?EXIT_SET            0020H.0  0000H.1



SYMBOL TABLE OF MODULE:  PWM_motor (MAIN)

  VALUE           TYPE          NAME
  ----------------------------------

  -------         MODULE        MAIN
  C:0000H         SYMBOL        _ICE_DUMMY_
  D:0090H         PUBLIC        P1
  D:00A0H         PUBLIC        P2
  D:00B0H         PUBLIC        P3
  B:00A0H.0       PUBLIC        PWM_0
  B:00A0H.1       PUBLIC        PWM_1
  D:0008H         PUBLIC        angle
  D:00A8H         PUBLIC        IE
  D:00B8H         PUBLIC        IP
  C:0142H         PUBLIC        main
  D:0009H         PUBLIC        level_0
  D:000AH         PUBLIC        level_1
  D:0098H         PUBLIC        SCON
  D:0088H         PUBLIC        TCON
  C:00AAH         PUBLIC        PWM0_plus
  D:008CH         PUBLIC        TH0
  C:00F6H         PUBLIC        PWM1_plus
  D:008DH         PUBLIC        TH1
  D:008AH         PUBLIC        TL0
  D:008BH         PUBLIC        TL1
  D:00C8H         PUBLIC        T2CON
  D:000BH         PUBLIC        t
  D:00D0H         PUBLIC        PSW
  -------         PROC          MAIN
  C:0142H         LINE#         18
  C:0142H         LINE#         19
  C:0142H         LINE#         20
  C:0147H         LINE#         21
  C:014CH         LINE#         22
  C:014CH         LINE#         23
  C:014CH         LINE#         25
  C:014FH         LINE#         27
  C:0152H         LINE#         28
  C:0159H         LINE#         29
  C:0159H         LINE#         30
  C:0160H         LINE#         31
  C:0162H         LINE#         33
  C:0165H         LINE#         35
  C:0168H         LINE#         36
  C:016FH         LINE#         37
  C:016FH         LINE#         38
BL51 BANKED LINKER/LOCATER V6.22.4.0                                                  09/20/2026  14:13:57  PAGE 3


  C:0176H         LINE#         39
  -------         ENDPROC       MAIN
  -------         PROC          PWM0_PLUS
  C:00AAH         LINE#         109
  C:00B3H         LINE#         111
  C:00B7H         LINE#         112
  C:00B7H         LINE#         113
  C:00BBH         LINE#         114
  C:00BBH         LINE#         115
  C:00BEH         LINE#         116
  C:00C1H         LINE#         117
  C:00C3H         LINE#         119
  C:00C3H         LINE#         120
  C:00C6H         LINE#         121
  C:00C9H         LINE#         122
  C:00C9H         LINE#         123
  C:00CBH         LINE#         125
  C:00CBH         LINE#         126
  C:00CFH         LINE#         127
  C:00CFH         LINE#         128
  C:00D2H         LINE#         129
  C:00D5H         LINE#         130
  C:00D7H         LINE#         132
  C:00D7H         LINE#         133
  C:00DAH         LINE#         134
  C:00DDH         LINE#         135
  C:00DDH         LINE#         136
  C:00DDH         LINE#         137
  C:00E9H         LINE#         138
  C:00EFH         LINE#         139
  -------         ENDPROC       PWM0_PLUS
  -------         PROC          PWM1_PLUS
  C:00F6H         LINE#         141
  C:00FFH         LINE#         143
  C:0103H         LINE#         144
  C:0103H         LINE#         145
  C:0107H         LINE#         146
  C:0107H         LINE#         147
  C:010AH         LINE#         148
  C:010DH         LINE#         149
  C:010FH         LINE#         151
  C:010FH         LINE#         152
  C:0112H         LINE#         153
  C:0115H         LINE#         154
  C:0115H         LINE#         155
  C:0117H         LINE#         157
  C:0117H         LINE#         158
  C:011BH         LINE#         159
  C:011BH         LINE#         160
  C:011EH         LINE#         161
  C:0121H         LINE#         162
  C:0123H         LINE#         164
  C:0123H         LINE#         165
  C:0126H         LINE#         166
  C:0129H         LINE#         167
  C:0129H         LINE#         168
  C:0129H         LINE#         169
BL51 BANKED LINKER/LOCATER V6.22.4.0                                                  09/20/2026  14:13:57  PAGE 4


  C:0135H         LINE#         170
  C:013BH         LINE#         171
  -------         ENDPROC       PWM1_PLUS
  -------         ENDMOD        MAIN

  -------         MODULE        DELAY
  C:0000H         SYMBOL        _ICE_DUMMY_
  C:019CH         PUBLIC        _delay_10us
  -------         PROC          _DELAY_10US
  D:0006H         SYMBOL        ten_us
  C:019CH         LINE#         1
  C:019CH         LINE#         2
  C:019CH         LINE#         3
  C:01A6H         LINE#         4
  -------         ENDPROC       _DELAY_10US
  -------         ENDMOD        DELAY

  -------         MODULE        EXIT_SET
  C:0000H         SYMBOL        _ICE_DUMMY_
  D:0090H         PUBLIC        P1
  D:00B0H         PUBLIC        P3
  B:00A8H.7       PUBLIC        EA
  D:00A8H         PUBLIC        IE
  D:00B8H         PUBLIC        IP
  C:0178H         PUBLIC        T0_set
  C:018AH         PUBLIC        T1_set
  D:0098H         PUBLIC        SCON
  D:0089H         PUBLIC        TMOD
  D:0088H         PUBLIC        TCON
  B:00A8H.1       PUBLIC        ET0
  C:0003H         PUBLIC        INT0_set
  B:00A8H.3       PUBLIC        ET1
  C:01A7H         PUBLIC        INT1_set
  D:008CH         PUBLIC        TH0
  B:00A8H.0       PUBLIC        EX0
  B:0088H.0       PUBLIC        IT0
  D:008DH         PUBLIC        TH1
  B:00A8H.2       PUBLIC        EX1
  B:0088H.2       PUBLIC        IT1
  D:008AH         PUBLIC        TL0
  D:008BH         PUBLIC        TL1
  B:0088H.4       PUBLIC        TR0
  B:0088H.6       PUBLIC        TR1
  D:00C8H         PUBLIC        T2CON
  D:00D0H         PUBLIC        PSW
  -------         PROC          INT0_SET
  C:0003H         LINE#         4
  C:0003H         LINE#         5
  C:0003H         LINE#         6
  C:0005H         LINE#         7
  C:0007H         LINE#         8
  C:0009H         LINE#         9
  -------         ENDPROC       INT0_SET
  -------         PROC          INT1_SET
  C:01A7H         LINE#         12
  C:01A7H         LINE#         13
  C:01A7H         LINE#         14
BL51 BANKED LINKER/LOCATER V6.22.4.0                                                  09/20/2026  14:13:57  PAGE 5


  C:01A9H         LINE#         15
  C:01ABH         LINE#         16
  C:01ADH         LINE#         17
  -------         ENDPROC       INT1_SET
  -------         PROC          T0_SET
  B:0020H.0       SYMBOL        T0
  C:0178H         LINE#         20
  C:0178H         LINE#         21
  C:0178H         LINE#         23
  C:017BH         LINE#         25
  C:017EH         LINE#         26
  C:0181H         LINE#         28
  C:0185H         LINE#         29
  C:0187H         LINE#         30
  C:0189H         LINE#         31
  -------         ENDPROC       T0_SET
  -------         PROC          T1_SET
  B:0020H.0       SYMBOL        T1
  C:018AH         LINE#         34
  C:018AH         LINE#         35
  C:018AH         LINE#         37
  C:018DH         LINE#         39
  C:0190H         LINE#         40
  C:0193H         LINE#         42
  C:0197H         LINE#         43
  C:0199H         LINE#         44
  C:019BH         LINE#         45
  -------         ENDPROC       T1_SET
  -------         ENDMOD        EXIT_SET

*** WARNING L16: UNCALLED SEGMENT, IGNORED FOR OVERLAY PROCESS
    SEGMENT: ?PR?INT0_SET?EXIT_SET

*** WARNING L16: UNCALLED SEGMENT, IGNORED FOR OVERLAY PROCESS
    SEGMENT: ?PR?INT1_SET?EXIT_SET

Program Size: data=13.1 xdata=0 code=429
LINK/LOCATE RUN COMPLETE.  2 WARNING(S),  0 ERROR(S)
