BL51 BANKED LINKER/LOCATER V6.22.4.0                                                    11/23/2025  19:03:03  PAGE 1


BL51 BANKED LINKER/LOCATER V6.22.4.0, INVOKED BY:
E:\KEILC51\C51\BIN\BL51.EXE .\Objects\main.obj TO .\Objects\Template_C51 PRINT (.\Listings\Template_C51.m51) RAMSIZE (25
>> 6)


MEMORY MODEL: SMALL


INPUT MODULES INCLUDED:
  .\Objects\main.obj (MAIN)
  E:\KEILC51\C51\LIB\C51S.LIB (?C_STARTUP)
  E:\KEILC51\C51\LIB\C51S.LIB (?C?UIDIV)
  E:\KEILC51\C51\LIB\C51S.LIB (?C?SLDIV)
  E:\KEILC51\C51\LIB\C51S.LIB (?C?ULCMP)
  E:\KEILC51\C51\LIB\C51S.LIB (?C_INIT)
  E:\KEILC51\C51\LIB\C51S.LIB (?C?ULDIV)


LINK MAP OF MODULE:  .\Objects\Template_C51 (MAIN)


            TYPE    BASE      LENGTH    RELOCATION   SEGMENT NAME
            -----------------------------------------------------

            * * * * * * *   D A T A   M E M O R Y   * * * * * * *
            REG     0000H     0008H     ABSOLUTE     "REG BANK 0"
            DATA    0008H     001BH     UNIT         ?DT?MAIN
            DATA    0023H     000AH     UNIT         _DATA_GROUP_
            IDATA   002DH     0001H     UNIT         ?STACK

            * * * * * * *   C O D E   M E M O R Y   * * * * * * *
            CODE    0000H     0003H     ABSOLUTE     
                    0003H     0008H                  *** GAP ***
            CODE    000BH     0003H     ABSOLUTE     
            CODE    000EH     000CH     UNIT         ?PR?MAIN?MAIN
                    001AH     0001H                  *** GAP ***
            CODE    001BH     0003H     ABSOLUTE     
            CODE    001EH     0174H     UNIT         ?PR?_DISPLAY?MAIN
            CODE    0192H     0134H     UNIT         ?C?LIB_CODE
            CODE    02C6H     00BAH     UNIT         ?PR?TIMER0?MAIN
            CODE    0380H     008CH     UNIT         ?C_C51STARTUP
            CODE    040CH     0044H     UNIT         ?C?LDIV
            CODE    0450H     0020H     UNIT         ?C_INITSEG
            CODE    0470H     001EH     UNIT         ?PR?TIMER1?MAIN
            CODE    048EH     0019H     UNIT         ?PR?TIMER_INIT?MAIN
            CODE    04A7H     000BH     UNIT         ?PR?_DELAY?MAIN



OVERLAY MAP OF MODULE:   .\Objects\Template_C51 (MAIN)


SEGMENT                          DATA_GROUP 
  +--> CALLED SEGMENT          START    LENGTH
----------------------------------------------
?C_C51STARTUP                  -----    -----
  +--> ?PR?MAIN?MAIN
  +--> ?C_INITSEG
BL51 BANKED LINKER/LOCATER V6.22.4.0                                                  11/23/2025  19:03:03  PAGE 2



?PR?MAIN?MAIN                  -----    -----
  +--> ?PR?TIMER_INIT?MAIN
  +--> ?PR?_DISPLAY?MAIN

?PR?_DISPLAY?MAIN              0023H    000AH
  +--> ?PR?_DELAY?MAIN



SYMBOL TABLE OF MODULE:  .\Objects\Template_C51 (MAIN)

  VALUE           TYPE          NAME
  ----------------------------------

  -------         MODULE        MAIN
  C:0000H         SYMBOL        _ICE_DUMMY_
  D:0080H         PUBLIC        P0
  D:0090H         PUBLIC        P1
  D:00A0H         PUBLIC        P2
  D:00B0H         PUBLIC        P3
  B:00A8H.7       PUBLIC        EA
  D:00A8H         PUBLIC        IE
  C:04A7H         PUBLIC        _delay
  D:00B8H         PUBLIC        IP
  C:048EH         PUBLIC        Timer_init
  C:000EH         PUBLIC        main
  D:000AH         PUBLIC        freq
  C:02C6H         PUBLIC        Timer0
  D:0098H         PUBLIC        SCON
  C:0470H         PUBLIC        Timer1
  D:0089H         PUBLIC        TMOD
  D:0088H         PUBLIC        TCON
  C:001EH         PUBLIC        _DisPlay
  B:00A8H.1       PUBLIC        ET0
  B:00A8H.3       PUBLIC        ET1
  D:008CH         PUBLIC        TH0
  D:008DH         PUBLIC        TH1
  D:008AH         PUBLIC        TL0
  D:008BH         PUBLIC        TL1
  D:000EH         PUBLIC        show_freq
  B:0088H.4       PUBLIC        TR0
  B:0088H.6       PUBLIC        TR1
  B:00A0H.2       PUBLIC        LSA
  B:00A0H.3       PUBLIC        LSB
  B:00A0H.4       PUBLIC        LSC
  D:0012H         PUBLIC        SMG
  D:00C8H         PUBLIC        T2CON
  D:00D0H         PUBLIC        PSW
  -------         PROC          _DELAY
  D:0006H         SYMBOL        i
  C:04A7H         LINE#         15
  C:04A7H         LINE#         16
  C:04A7H         LINE#         17
  C:04B1H         LINE#         18
  -------         ENDPROC       _DELAY
  -------         PROC          _DISPLAY
BL51 BANKED LINKER/LOCATER V6.22.4.0                                                  11/23/2025  19:03:03  PAGE 3


  D:0023H         SYMBOL        outdata
  -------         DO            
  D:0025H         SYMBOL        Display_Data
  D:0005H         SYMBOL        i
  -------         ENDDO         
  C:001EH         LINE#         20
  C:0022H         LINE#         21
  C:0022H         LINE#         25
  C:0036H         LINE#         26
  C:0061H         LINE#         27
  C:008CH         LINE#         28
  C:00B6H         LINE#         29
  C:00D5H         LINE#         30
  C:00F4H         LINE#         31
  C:0113H         LINE#         32
  C:0125H         LINE#         34
  C:0127H         LINE#         35
  C:0127H         LINE#         36
  C:014CH         LINE#         37
  C:014CH         LINE#         38
  C:0150H         LINE#         39
  C:0158H         LINE#         40
  C:015CH         LINE#         41
  C:0164H         LINE#         42
  C:0168H         LINE#         43
  C:0170H         LINE#         44
  C:0174H         LINE#         45
  C:017AH         LINE#         46
  C:017AH         LINE#         48
  C:0181H         LINE#         49
  C:0188H         LINE#         50
  C:018BH         LINE#         51
  C:0191H         LINE#         52
  -------         ENDPROC       _DISPLAY
  -------         PROC          TIMER_INIT
  C:048EH         LINE#         54
  C:048EH         LINE#         55
  C:048EH         LINE#         56
  C:0491H         LINE#         57
  C:0494H         LINE#         58
  C:0496H         LINE#         59
  C:0499H         LINE#         60
  C:049CH         LINE#         62
  C:049EH         LINE#         63
  C:04A0H         LINE#         64
  C:04A2H         LINE#         65
  C:04A4H         LINE#         67
  C:04A6H         LINE#         68
  -------         ENDPROC       TIMER_INIT
  -------         PROC          TIMER0
  -------         DO            
  D:0008H         SYMBOL        count
  -------         ENDDO         
  C:02C6H         LINE#         70
  C:02E3H         LINE#         73
  C:02E6H         LINE#         74
  C:02E9H         LINE#         75
BL51 BANKED LINKER/LOCATER V6.22.4.0                                                  11/23/2025  19:03:03  PAGE 4


  C:02F1H         LINE#         77
  C:02FBH         LINE#         78
  C:02FBH         LINE#         79
  C:0314H         LINE#         80
  C:032CH         LINE#         82
  C:0341H         LINE#         83
  C:0341H         LINE#         84
  C:034DH         LINE#         85
  C:034DH         LINE#         86
  C:0353H         LINE#         87
  C:035FH         LINE#         89
  C:0362H         LINE#         90
  C:0365H         LINE#         91
  C:0365H         LINE#         92
  -------         ENDPROC       TIMER0
  -------         PROC          TIMER1
  C:0470H         LINE#         94
  C:0474H         LINE#         96
  C:0489H         LINE#         97
  -------         ENDPROC       TIMER1
  -------         PROC          MAIN
  C:000EH         LINE#         99
  C:000EH         LINE#         100
  C:000EH         LINE#         101
  C:0011H         LINE#         102
  C:0011H         LINE#         103
  C:0011H         LINE#         104
  C:0018H         LINE#         105
  -------         ENDPROC       MAIN
  -------         ENDMOD        MAIN

  -------         MODULE        ?C?UIDIV
  C:0192H         PUBLIC        ?C?UIDIV
  -------         ENDMOD        ?C?UIDIV

  -------         MODULE        ?C?SLDIV
  C:040CH         PUBLIC        ?C?SLDIV
  -------         ENDMOD        ?C?SLDIV

  -------         MODULE        ?C?ULCMP
  C:01E7H         PUBLIC        ?C?ULCMP
  -------         ENDMOD        ?C?ULCMP

  -------         MODULE        ?C?ULDIV
  C:0234H         PUBLIC        ?C?ULDIV
  -------         ENDMOD        ?C?ULDIV

Program Size: data=46.0 xdata=0 code=1193
LINK/LOCATE RUN COMPLETE.  0 WARNING(S),  0 ERROR(S)
